MPLINK 5.09, LINKER
Linker Map File - Created Thu Aug 27 23:38:07 2026

                                 Section Info
                  Section       Type    Address   Location Size(Bytes)
                ---------  ---------  ---------  ---------  ---------
                   .org_0       code   0x000000    program   0x000002
                   .cinit    romdata   0x000001    program   0x000004
                   .org_1       code   0x000004    program   0x000048
.config_2007_BUILD/DEFAULT/PRODUCTION/TP2_C+S       code   0x002007    program   0x000002
.config_2008_BUILD/DEFAULT/PRODUCTION/TP2_C+S       code   0x002008    program   0x000002



                              Program Memory Usage 
                               Start         End      
                           ---------   ---------      
                            0x000000    0x000002      
                            0x000004    0x000027      
                            0x002007    0x002008      
            41 out of 8455 program addresses used, program memory utilization is 0%



                              Symbols - Sorted by Name
                     Name    Address   Location    Storage File                     
                ---------  ---------  ---------  --------- ---------                
                CLEAR_VAR   0x000007    program     static C:\Users\rrrom\JFacultad\Repo-de-tareas\Contador_Secuencia.X\TP2_C+S.asm
                   CONTAR   0x000023    program     static C:\Users\rrrom\JFacultad\Repo-de-tareas\Contador_Secuencia.X\TP2_C+S.asm
                   INICIO   0x000004    program     static C:\Users\rrrom\JFacultad\Repo-de-tareas\Contador_Secuencia.X\TP2_C+S.asm
                  LUCES_2   0x000025    program     static C:\Users\rrrom\JFacultad\Repo-de-tareas\Contador_Secuencia.X\TP2_C+S.asm
                    MODOS   0x000020    program     static C:\Users\rrrom\JFacultad\Repo-de-tareas\Contador_Secuencia.X\TP2_C+S.asm
             PORT_REFRESH   0x00001d    program     static C:\Users\rrrom\JFacultad\Repo-de-tareas\Contador_Secuencia.X\TP2_C+S.asm
                  SET_VAR   0x000010    program     static C:\Users\rrrom\JFacultad\Repo-de-tareas\Contador_Secuencia.X\TP2_C+S.asm
                    TIMER   0x00001c    program     static C:\Users\rrrom\JFacultad\Repo-de-tareas\Contador_Secuencia.X\TP2_C+S.asm



                              Symbols - Sorted by Address
                     Name    Address   Location    Storage File                     
                ---------  ---------  ---------  --------- ---------                
                   INICIO   0x000004    program     static C:\Users\rrrom\JFacultad\Repo-de-tareas\Contador_Secuencia.X\TP2_C+S.asm
                CLEAR_VAR   0x000007    program     static C:\Users\rrrom\JFacultad\Repo-de-tareas\Contador_Secuencia.X\TP2_C+S.asm
                  SET_VAR   0x000010    program     static C:\Users\rrrom\JFacultad\Repo-de-tareas\Contador_Secuencia.X\TP2_C+S.asm
                    TIMER   0x00001c    program     static C:\Users\rrrom\JFacultad\Repo-de-tareas\Contador_Secuencia.X\TP2_C+S.asm
             PORT_REFRESH   0x00001d    program     static C:\Users\rrrom\JFacultad\Repo-de-tareas\Contador_Secuencia.X\TP2_C+S.asm
                    MODOS   0x000020    program     static C:\Users\rrrom\JFacultad\Repo-de-tareas\Contador_Secuencia.X\TP2_C+S.asm
                   CONTAR   0x000023    program     static C:\Users\rrrom\JFacultad\Repo-de-tareas\Contador_Secuencia.X\TP2_C+S.asm
                  LUCES_2   0x000025    program     static C:\Users\rrrom\JFacultad\Repo-de-tareas\Contador_Secuencia.X\TP2_C+S.asm


